// Jest Snapshot v1, https://goo.gl/fbAQLP

exports[`matches snapshot 1`] = `
<DocumentFragment>
  <div
    class="AdopterSignup-container"
  >
    <div
      class="AdopterSignup-header"
    >
      Adopter Sign up
    </div>
    <form
      class="AdopterSignup-form"
    >
      <label
        class="AdopterSignup-label"
      >
        Username*:
      </label>
      <input
        class="AdopterSignup-input"
        id="username"
        name="username"
        placeholder="Username"
        type="text"
        value=""
      />
      <label
        class="AdopterSignup-label"
      >
        Password*:
      </label>
      <input
        class="AdopterSignup-input"
        id="password"
        name="password"
        placeholder="Password"
        type="password"
        value=""
      />
      <label
        class="AdopterSignup-label"
      >
        Email*:
      </label>
      <input
        class="AdopterSignup-input"
        id="email"
        name="email"
        placeholder="Email"
        type="email"
        value=""
      />
      <div
        class="AdopterSignup-preview-img-container"
      >
        <img
          alt=""
          class="AdopterSignup-preview-img"
          src=""
        />
        <div>
          Profile Image
        </div>
        <input
          class="AdopterSignup-img-button"
          id="picture"
          name="picture"
          type="file"
        />
        <label
          for="picture"
        >
          <div
            class="AdopterSignup-add-picture-button"
          >
            Add picture
          </div>
        </label>
      </div>
      <label
        class="AdopterSignup-label"
        for="privateOutdoors"
      >
        Private Outdoors:
      </label>
      <select
        class="AdopterSignup-select"
        id="privateOutdoors"
        name="privateOutdoors"
      >
        <option
          value="0"
        >
          No
        </option>
        <option
          value="1"
        >
          Yes
        </option>
      </select>
      <label
        class="AdopterSignup-label"
        for="numOfDogs"
      >
        Number of dogs:
      </label>
      <input
        class="AdopterSignup-select"
        id="numOfDogs"
        max="20"
        min="0"
        name="numOfDogs"
        type="number"
        value="0"
      />
      <label
        class="AdopterSignup-label"
        for="preferredGender"
      >
        Preferred Gender:
      </label>
      <select
        class="AdopterSignup-select"
        id="preferredGender"
        name="preferredGender"
      >
        <option
          value="Female"
        >
          Female
        </option>
        <option
          value="Male"
        >
          Male
        </option>
      </select>
      <label
        class="AdopterSignup-label"
        for="preferredAge"
      >
        Preferred Age:
      </label>
      <select
        class="AdopterSignup-select"
        id="preferredAge"
        name="preferredAge"
      >
        <option
          value="Baby"
        >
          Baby
        </option>
        <option
          value="Young"
        >
          Young
        </option>
        <option
          value="Adult"
        >
          Adult
        </option>
        <option
          value="Senior"
        >
          Senior
        </option>
      </select>
      <label
        class="AdopterSignup-label"
        for="description"
      >
        Adopter's Bio:
      </label>
      <textarea
        cols="45"
        id="description"
        name="description"
        rows="5"
      />
      <button
        class="AdopterSignup-button"
      >
        Sign up
      </button>
    </form>
    <div
      class="AdopterSignup-alreadySignup"
    >
      Already signed up? 
      <a
        class="AdopterSignup-signupLink"
        href="/adopters/login"
      >
        Log in
      </a>
    </div>
  </div>
</DocumentFragment>
`;
